// Jest Snapshot v1, https://goo.gl/fbAQLP

exports[`DebugCard matches snapshot 1`] = `
<CodeCard
  cardTitle="Debug"
  codeSnippet={
    Object {
      "code": Array [
        "t.debug()",
      ],
      "example": "fixture \`Debugger example\`
  .page \`http://devexpress.github.io/testcafe/example/\`;

test('Debugger', async t => {
  await t
      .debug()
      .click('#populate')
      .click('#submit-button');
});",
      "language": "javascript",
    }
  }
  description="Pauses the test and allows you to debug using the browser's developer tools."
  fullDocLink="https://devexpress.github.io/testcafe/documentation/test-api/debugging.html"
/>
`;
