// Jest Snapshot v1, https://goo.gl/fbAQLP

exports[`NotDeepEqualAssertCard matches snapshot 1`] = `
<CodeCard
  cardTitle="Not Deep Equal - Assert"
  codeSnippet={
    Object {
      "code": Array [
        "t.expect( actual ).notEql( unexpected, message, options );",
      ],
      "example": "import { Selector } from 'testcafe';

  fixture \`My fixture\`;
  
  test('My test', async t => {
      await t
        .expect(Selector('.className').count).notEql(2)
        .expect({ a: 'bar' }).notEql({ a: 'bar' }, 'this assertion will fail')
        .expect({ a: 'bar' }).notEql({ a: 'foo' }, 'this assertion will pass');
  });",
      "language": "javascript",
      "options": "{ 
    timeout: Number,
      allowUnawaitedPromise: Boolean 
  }",
    }
  }
  description="Asserts that actual is not equal to expected."
  fullDocLink="https://devexpress.github.io/testcafe/documentation/test-api/assertions/assertion-api.html#not-deep-equal"
/>
`;
