// Jest Snapshot v1, https://goo.gl/fbAQLP

exports[`NotOkAssertCard matches snapshot 1`] = `
<CodeCard
  cardTitle="Not Ok - Assert"
  codeSnippet={
    Object {
      "code": Array [
        "t.expect( actual ).notOk( message, options );",
      ],
      "example": "import { Selector } from 'testcafe';

  fixture \`My fixture\`;
  
  test('My test', async t => {
      await t
        .expect(Selector('#element').exists).notOk()
        .expect('ok').notOk('this assertion will fail')
        .expect(false).notOk('this assertion will pass');
  });",
      "language": "javascript",
      "options": "{ 
    timeout: Number,
      allowUnawaitedPromise: Boolean 
  }",
    }
  }
  description="Asserts that actual is false."
  fullDocLink="https://devexpress.github.io/testcafe/documentation/test-api/assertions/assertion-api.html#not-ok"
/>
`;
