// Jest Snapshot v1, https://goo.gl/fbAQLP

exports[`TypeOfAssertCard matches snapshot 1`] = `
<CodeCard
  cardTitle="Type Of - Assert"
  codeSnippet={
    Object {
      "code": Array [
        "t.expect( actual ).typeOf( typeName, message, options );",
      ],
      "example": "import { Selector } from 'testcafe';

  fixture \`My fixture\`;
  
  test('My test', async t => {
   
    await t
        .expect(Selector('#element').getAttribute('attr')).typeOf('string')
        .expect({ a: 'bar' }).typeOf('object', 'it's an object')
        .expect(/bar/).typeOf('regexp', 'it's a regular expression')
        .expect(null).typeOf('null', 'it's a null');
  });",
      "language": "javascript",
      "options": "{ 
    timeout: Number,
      allowUnawaitedPromise: Boolean 
  }",
    }
  }
  description="Asserts that the actual type is typeName."
  fullDocLink="https://devexpress.github.io/testcafe/documentation/test-api/assertions/assertion-api.html#type-of"
/>
`;
